[6.607s] Invoking command in '/home/winicon/smilebot_ws/build/robots_nav_contr': PYTHONPATH=/home/winicon/smilebot_ws/build/robots_nav_contr/prefix_override:/usr/lib/python3/dist-packages/colcon_core/task/python/colcon_distutils_commands:/home/winicon/smilebot_ws/install/robots_nav_contr/lib/python3.10/site-packages:${PYTHONPATH} /usr/bin/python3 -W ignore:setup.py install is deprecated setup.py develop --editable --build-directory /home/winicon/smilebot_ws/build/robots_nav_contr/build --no-deps symlink_data
[9.040s] running develop
[9.100s] /usr/lib/python3/dist-packages/setuptools/command/easy_install.py:158: EasyInstallDeprecationWarning: easy_install command is deprecated. Use build and pip and other standards-based tools.
[9.101s]   warnings.warn(
[10.650s] running egg_info
[10.651s] writing robots_nav_contr.egg-info/PKG-INFO
[10.652s] writing dependency_links to robots_nav_contr.egg-info/dependency_links.txt
[10.653s] writing entry points to robots_nav_contr.egg-info/entry_points.txt
[10.653s] writing requirements to robots_nav_contr.egg-info/requires.txt
[10.659s] writing top-level names to robots_nav_contr.egg-info/top_level.txt
[10.672s] reading manifest file 'robots_nav_contr.egg-info/SOURCES.txt'
[10.676s] writing manifest file 'robots_nav_contr.egg-info/SOURCES.txt'
[10.684s] running build_ext
[10.687s] Creating /home/winicon/smilebot_ws/install/robots_nav_contr/lib/python3.10/site-packages/robots-nav-contr.egg-link (link to .)
[10.694s] Installing robot_command_receiver script to /home/winicon/smilebot_ws/install/robots_nav_contr/lib/robots_nav_contr
[10.696s] Installing robots_nav_controller script to /home/winicon/smilebot_ws/install/robots_nav_contr/lib/robots_nav_contr
[10.697s] Installing robots_serial_commands script to /home/winicon/smilebot_ws/install/robots_nav_contr/lib/robots_nav_contr
[10.702s] 
[10.714s] Installed /home/winicon/smilebot_ws/build/robots_nav_contr
[10.715s] running symlink_data
[10.925s] Invoked command in '/home/winicon/smilebot_ws/build/robots_nav_contr' returned '0': PYTHONPATH=/home/winicon/smilebot_ws/build/robots_nav_contr/prefix_override:/usr/lib/python3/dist-packages/colcon_core/task/python/colcon_distutils_commands:/home/winicon/smilebot_ws/install/robots_nav_contr/lib/python3.10/site-packages:${PYTHONPATH} /usr/bin/python3 -W ignore:setup.py install is deprecated setup.py develop --editable --build-directory /home/winicon/smilebot_ws/build/robots_nav_contr/build --no-deps symlink_data
